
> frontend@0.1.0 dev
> next dev -p 3002

▲ Next.js 16.1.3 (Turbopack)
- Local:         http://localhost:3002
- Network:       http://10.138.211.165:3002
- Environments: .env.local

✓ Starting...
⚠ The "middleware" file convention is deprecated. Please use "proxy" instead. Learn more: https://nextjs.org/docs/messages/middleware-to-proxy
✓ Ready in 635ms
⨯ ReferenceError: useEffect is not defined
    at Home (app/page.tsx:21:3)
  19 |
  20 |   // Wake up server on load
> 21 |   useEffect(() => {
     |   ^
  22 |     let apiUrl = process.env.NEXT_PUBLIC_API_URL || 'https://adithyan321-caption-beast-backend.hf.space';
  23 |     if (typeof window !== 'undefined' && window.location.hostname === 'localhost') {
  24 |       apiUrl = 'http://127.0.0.1:7860'; {
  digest: '2137530470'
}
 GET / 500 in 2.3s (compile: 228ms, proxy.ts: 1875ms, render: 147ms)
